// Jest Snapshot v1, https://goo.gl/fbAQLP

exports[`Matches the snapshot 1`] = `
<DocumentFragment>
  <div>
    <div
      class="social-media-card light-card"
    >
      <hr
        class="site-border"
        style="border-top: 10px solid hsl(203, 89%, 53%); border-radius: 20px 20px 0 0;"
      />
      <div>
        <span
          class="tw"
        >
          @artetech
        </span>
      </div>
      <div>
        <h1>
          1231
        </h1>
        <h4>
          followers
        </h4>
      </div>
      <div>
        99 today
      </div>
    </div>
  </div>
</DocumentFragment>
`;
